// Jest Snapshot v1, https://goo.gl/fbAQLP

exports[`Handling Apollo Client Side renders Left Panel component correctly 1`] = `ShallowWrapper {}`;

exports[`LeftPanel renders Left Panel component correctly 1`] = `ShallowWrapper {}`;
