// Jest Snapshot v1, https://goo.gl/fbAQLP

exports[`Map renders map component correctly 1`] = `ShallowWrapper {}`;
