// Jest Snapshot v1, https://goo.gl/fbAQLP

exports[`App renders main app correctly 1`] = `ShallowWrapper {}`;
