// Jest Snapshot v1, https://goo.gl/fbAQLP

exports[`SearchMap renders SearchMap component correctly 1`] = `ShallowWrapper {}`;
